[2026-08-20T16:34:05.210Z] 1__fund_logo_hedjfd6fp7gdad3x100zn_1668x629_860f0dvhknm4mhwleaiixp-1668x629.webp (16998 bytes)
[2026-08-20T16:34:05.249Z] 1__fund_logo_hedjfd6fp7gdad3x100zn_1668x629_bxgou52upvsux6rqsz8mq.webp (14590 bytes)
[2026-08-20T16:34:05.476Z] 1__fund_logo_hedjfd6fp7gdad3x100zn_1668x629_bxgou52upvsux6rqsz8mq-1668x629.webp (16998 bytes)
[2026-08-20T16:34:05.584Z] 1__fund_logo_hedjfd6fp7gdad3x100zn_1668x629_860f0dvhknm4mhwleaiixp.webp (14590 bytes)
[2026-08-20T16:34:07.682Z] 5eeea355389655.59822ff824b72_lyyopkc7szw2md3v5ltk-800x600.gif (2591665 bytes)
[2026-08-20T17:50:41.742Z] 5eeea355389655.59822ff824b72_lyyopkc7szw2md3v5ltk.gif (2677109 bytes)
[2026-08-20T17:50:44.124Z] 5eeea355389655.59822ff824b72_lyyopkc7szw2md3v5ltk.gif (2677109 bytes)
[2026-08-20T17:50:45.191Z] 5eeea355389655.59822ff824b72_lyyopkc7szw2md3v5ltk.gif (2677109 bytes)
[2026-08-20T17:50:46.529Z] 5eeea355389655.59822ff824b72_lyyopkc7szw2md3v5ltk.gif (2677109 bytes)
[2026-08-20T17:50:47.590Z] 5eeea355389655.59822ff824b72_lyyopkc7szw2md3v5ltk.gif (2677109 bytes)
[2026-08-20T18:06:42.020Z] active_prospect_p35tctiuo8rmmlrapqh07k_318x159_d0ly4t2d1jt1fodvybz5sa-318x159.webp (2562 bytes)
[2026-08-20T18:06:42.670Z] CustomHomesSaratogaNY-1.webp (121126 bytes)
[2026-08-20T18:06:44.359Z] 5eeea355389655.59822ff824b72_ow0uugum1pze8d037yzp8-800x600.gif (2591665 bytes)
[2026-08-20T18:06:46.915Z] 5eeea355389655.59822ff824b72_ow0uugum1pze8d037yzp8.gif (2677109 bytes)
[2026-08-20T18:07:12.758Z] RainSoft EC5 Product Video_2023_(1080p).mp4 (26303388 bytes)
[2026-08-20T18:14:43.154Z] active_prospect_p35tctiuo8rmmlrapqh07k_318x159_d0ly4t2d1jt1fodvybz5sa.webp (2434 bytes)
[2026-08-20T18:14:43.297Z] active_prospect_p35tctiuo8rmmlrapqh07k_318x159_t207fyv39622ooliee284-318x159.webp (2562 bytes)
[2026-08-20T18:14:43.851Z] aria_pergola_renaissance_patio_min_2048x1366_80w95tmjc5ron9klwgdxvf-1920x1281.webp (502806 bytes)
[2026-08-20T18:14:43.921Z] active_prospect_p35tctiuo8rmmlrapqh07k_318x159_t207fyv39622ooliee284.webp (2434 bytes)
[2026-08-20T18:14:43.978Z] aria_pergola_renaissance_patio_min_2048x1366_80w95tmjc5ron9klwgdxvf.webp (588088 bytes)
[2026-08-20T18:55:49.489Z] blank_white_7sn5o1woonmklx1h_4gg0nvmxu6nfx9r0yqa9tv.jpg (30654 bytes)
[2026-08-20T18:55:49.597Z] blank_white_7sn5o1woonmklx1h_4gg0nvmxu6nfx9r0yqa9tv-1920x1124.jpg (18023 bytes)
[2026-08-20T18:55:50.208Z] contempo_2_9ral2l3ckufmayhx0te01-1024x684.webp (67196 bytes)
[2026-08-20T18:55:50.256Z] bigstock_new_construction_home_with_low_166085261_3mpyttswiex1muxqsp80ht-1920x1280.jpg (594704 bytes)
[2026-08-20T18:55:50.579Z] close_up_of_wooden_shutters_on_an_arched_window_on_royalty_free_image_1585061944_z8cvn28vsg1glkak36kuf.avif (256885 bytes)
[2026-08-20T18:55:50.618Z] close_up_of_wooden_shutters_on_an_arched_window_on_royalty_free_image_1585061944_z8cvn28vsg1glkak36kuf-1200x900.avif (167361 bytes)
[2026-08-20T18:55:50.847Z] build_focus_area_process___standards_d8cu9xpk3cax5vjojlo6x.pdf (162123 bytes)
[2026-08-20T18:55:51.792Z] bigstock_white_brick_front_porch_with_r_168599909_66yy4c9nxvqg92flbg9ew4-1920x1280.jpg (571870 bytes)
[2026-08-20T18:55:52.099Z] bigstock_new_construction_home_with_low_166085261_3mpyttswiex1muxqsp80ht.jpg (822058 bytes)
[2026-08-20T18:55:52.649Z] bigstock_white_brick_front_porch_with_r_168599909_66yy4c9nxvqg92flbg9ew4.jpg (794924 bytes)
[2026-08-20T18:57:50.860Z] contempo_2_9ral2l3ckufmayhx0te01.webp (70572 bytes)
[2026-08-20T18:57:50.869Z] cool_duck_3yjlzpa9e8f0kirw3yb5rli.webp (6230 bytes)
[2026-08-20T18:57:51.243Z] customhomessaratogany_1_5d54ej5zl56r6x6xdd33sb-1256x835.webp (126788 bytes)
[2026-08-20T18:57:51.320Z] customhomessaratogany_1_0ee6sjq23mr03fxw3l06yyn.webp (126788 bytes)
[2026-08-20T18:57:51.382Z] customhomessaratogany_1_a4krwcmuv4yz3ayv9pi8-1256x835.webp (126788 bytes)
[2026-08-20T18:57:51.412Z] customhomessaratogany_1_0ee6sjq23mr03fxw3l06yyn-1256x835.webp (126788 bytes)
[2026-08-20T18:57:51.427Z] customhomessaratogany_1_a4krwcmuv4yz3ayv9pi8.webp (121126 bytes)
[2026-08-20T18:57:51.469Z] customhomessaratogany_1_5d54ej5zl56r6x6xdd33sb.webp (126788 bytes)
[2026-08-20T18:57:51.560Z] contempo_patio_cover_bronze_trim_renaissance_patio_1_2048x1429_sz3qe0dfmsqybx8f0ce89-1920x1340.webp (171380 bytes)
[2026-08-20T18:57:51.624Z] contempo_patio_cover_bronze_trim_renaissance_patio_1_2048x1429_sz3qe0dfmsqybx8f0ce89.webp (212126 bytes)
[2026-08-20T18:58:20.948Z] download__7__1p8k94in74ih3pk6ixopck-276x183.jpg (12641 bytes)
[2026-08-20T18:58:20.952Z] deck_drive_logo_3d5e9ulbcl99vsngg4ice4.webp (8688 bytes)
[2026-08-20T18:58:20.958Z] deck_1_d4lqgiuhq5qblzrd5eu2va-612x408.jpg (45346 bytes)
[2026-08-20T18:58:20.967Z] deck_drive_logo_3d5e9ulbcl99vsngg4ice4-768x219.webp (8994 bytes)
[2026-08-20T18:58:20.978Z] deck_drive_logo_fr7viqeyo55fyo50d4z327.webp (8994 bytes)
[2026-08-20T18:58:21.102Z] download__7__1p8k94in74ih3pk6ixopck.jpg (10390 bytes)
[2026-08-20T18:58:21.144Z] felt_ibpl465qf7qv5rwh2lh6n-354x251.gif (5714 bytes)
[2026-08-20T18:58:21.150Z] dock_lake_view_l8x2rhy3gjaslrkfgex3p-900x601.jpg (53072 bytes)
[2026-08-20T18:58:21.151Z] deck_1_d4lqgiuhq5qblzrd5eu2va.jpg (52102 bytes)
[2026-08-20T18:58:21.165Z] eye_twitch_q13lxfmbfof84932q8bcp-184x256.gif (8928 bytes)
[2026-08-20T18:58:21.177Z] eye_twitch_q13lxfmbfof84932q8bcp.gif (8894 bytes)
[2026-08-20T18:58:21.267Z] dock_lake_view_l8x2rhy3gjaslrkfgex3p.jpg (52748 bytes)
[2026-08-20T18:58:21.348Z] get_the_referral_itfs595ij6lof9oky6co8_310x163_nwl1nk5lrrhn30q2ezgjv-310x163.webp (3962 bytes)
[2026-08-20T18:58:21.360Z] get_the_referral_itfs595ij6lof9oky6co8_310x163_nwl1nk5lrrhn30q2ezgjv.webp (3728 bytes)
[2026-08-20T18:58:21.395Z] get_the_referral_itfs595ij6lof9oky6co8_310x163_vnuf6k5x4b3berrjs6jvm-310x163.webp (3962 bytes)
[2026-08-20T18:58:21.395Z] felt_ibpl465qf7qv5rwh2lh6n.gif (5838 bytes)
[2026-08-20T18:58:21.569Z] deck_343bhslir6b6g5byn37xnw-1600x1067.avif (237847 bytes)
[2026-08-20T18:58:21.958Z] deck_343bhslir6b6g5byn37xnw.avif (462720 bytes)
[2026-08-20T18:58:21.984Z] frazzled_fssqgvwhft72q1aq281tu8.PNG (370986 bytes)
[2026-08-20T18:58:22.209Z] frazzled_fssqgvwhft72q1aq281tu8-588x449.png (386849 bytes)
